Location National Museum
Visit from 09:00 until 10:00
---
Location Azadi Tower
Visit from 10:30 until 11:30
---
