Location Azadi Tower
Visit from 09:30 until 10:30
---
Location National Museum
Visit from 11:00 until 12:00
---
