Location Azadi Tower
Visit from 09:00 until 10:00
---
Location National Museum
Visit from 10:30 until 11:30
---
Location Golestan Palace
Visit from 18:00 until 19:00
---
